08-01 21:11:57.728  1553  1553 I DeviceModeUtil: DeviceModeUtil.getDeviceMode():122 Get device mode phone by ui mode:1 and smallestScreenWidthDp:393
08-01 21:11:57.728  1553  1553 I DeviceModeUtil: DeviceModeUtil.getDeviceMode():122 Get device mode phone by ui mode:1 and smallestScreenWidthDp:393
08-01 21:11:57.728  1553  1553 I KeyboardModeManager: KeyboardModeManager.setInputView():364 setInputView() : supportsOneHandedMode=true
08-01 21:11:57.728  1553  1553 I NormalModeController: NormalModeController.getKeyboardBodyViewHolderPaddingBottom():116 currentPrimeKeyboardType:SOFT systemPaddingBottom:-1
08-01 21:11:57.728  1553  1553 I NormalModeController: NormalModeController.getKeyboardBodyViewHolderPaddingBottom():116 currentPrimeKeyboardType:SOFT systemPaddingBottom:-1
08-01 21:11:57.729  1553  1553 I KeyboardModeManager: KeyboardModeManager.setInputView():356 setInputView() : entry=hwn{languageTag=en-US, variant=qwerty, hasLocalizedResources=true, conditionCacheKey=_device=phone_device_size=default_enable_adaptive_text_editing=true_enable_inline_suggestions_on_client_side=false_enable_large_tablet_batch_1=false_enable_large_tablet_batch_2=false_enable_more_candidates_view_for_multilingual=false_enable_nav_redesign=false_enable_number_row=false_enable_preemptive_decode=true_enable_secondary_symbols=false_expressions=normal_four_or_more_letter_rows=false_keyboard_mode=normal_language=en-US_orientation=portrait_physical_keyboard=qwerty_show_secondary_digits=true_show_suggestions=true_split_with_duplicate_keys=true_variant=qwerty, imeDef.stringId=ime_english_united_states, imeDef.className=com.google.android.apps.inputmethod.libs.latin5.LatinIme, imeDef.languageTag=en-US}
08-01 21:11:57.729  1553  1553 I VoiceImeExtension: VoiceImeExtension.shouldStartVoiceInputAutomatically():383 No private IME option set to start voice input.
08-01 21:11:57.732 17268 17268 D BoundBrokerSvc: onBind: Intent { act=com.google.android.gms.common.BIND_SHARED_PREFS pkg=com.google.android.gms }
08-01 21:11:57.732 17268 17268 D BoundBrokerSvc: Loading bound service for intent: Intent { act=com.google.android.gms.common.BIND_SHARED_PREFS pkg=com.google.android.gms }
08-01 21:11:57.733 17268 17268 D BoundBrokerSvc: onUnbind: Intent { act=com.google.android.gms.common.BIND_SHARED_PREFS pkg=com.google.android.gms }
08-01 21:11:57.734  1553  9821 I FallbackOnDeviceRecognitionProvider: FallbackOnDeviceRecognitionProvider.maybeScheduleAutoPackDownload():195 maybeScheduleAutoPackDownload() for language tag en-US
08-01 21:11:57.743  1553  1868 E OpenGLRenderer: Unable to match the desired swap behavior.
08-01 21:11:57.750  1553  1553 I DeviceModeUtil: DeviceModeUtil.getDeviceMode():122 Get device mode phone by ui mode:1 and smallestScreenWidthDp:393
08-01 21:11:57.751  1553  1553 I DeviceModeUtil: DeviceModeUtil.getDeviceMode():122 Get device mode phone by ui mode:1 and smallestScreenWidthDp:393
08-01 21:11:57.751  1553  1553 I NormalModeController: NormalModeController.getKeyboardBodyViewHolderPaddingBottom():116 currentPrimeKeyboardType:SOFT systemPaddingBottom:-1
08-01 21:11:57.751  1553  1950 I Delight5Decoder: Delight5DecoderWrapper.setKeyboardLayout():457 setKeyboardLayout()
08-01 21:11:57.754 17268 17268 D BoundBrokerSvc: onBind: Intent { act=com.google.android.gms.common.BIND_SHARED_PREFS pkg=com.google.android.gms }
08-01 21:11:57.754 17268 17268 D BoundBrokerSvc: Loading bound service for intent: Intent { act=com.google.android.gms.common.BIND_SHARED_PREFS pkg=com.google.android.gms }
08-01 21:11:57.761 17268 17268 D BoundBrokerSvc: onUnbind: Intent { act=com.google.android.gms.common.BIND_SHARED_PREFS pkg=com.google.android.gms }
08-01 21:11:57.778 29108 29108 D InsetsController: show(ime(), fromIme=true)
08-01 21:11:57.825   842   916 D EGL_emulation: app_time_stats: avg=17.20ms min=8.63ms max=33.85ms count=59
08-01 21:11:57.925  1553  1553 W TooltipLifecycleManager: TooltipLifecycleManager.dismissTooltips():159 Tooltip with id spell_check_add_to_dictionary not found in tooltipManager.
08-01 21:11:57.991 29108 29108 I ImeTracker: com.example.android.testing.espresso.BasicSample:169c6fcc: onShown
08-01 21:11:58.008 29108 29108 W FrameTracker: Missed SF frame:PREDICTION_ERROR, 1870988, 0, CUJ=J<IME_INSETS_ANIMATION::0@0@com.example.android.testing.espresso.BasicSample>
08-01 21:11:58.008 29108 29108 W FrameTracker: Missed SF frame:PREDICTION_ERROR, 1871024, 0, CUJ=J<IME_INSETS_ANIMATION::0@0@com.example.android.testing.espresso.BasicSample>
08-01 21:11:58.008 29108 29108 W FrameTracker: Missed SF frame:PREDICTION_ERROR, 1871046, 0, CUJ=J<IME_INSETS_ANIMATION::0@0@com.example.android.testing.espresso.BasicSample>
08-01 21:11:58.008 29108 29108 W FrameTracker: Missed SF frame:PREDICTION_ERROR, 1871068, 0, CUJ=J<IME_INSETS_ANIMATION::0@0@com.example.android.testing.espresso.BasicSample>
08-01 21:11:58.009 29108 29177 V PerfettoTrigger: Not triggering com.android.telemetry.interaction-jank-monitor-69 - not enough time since last trigger
08-01 21:11:58.009 29108 29108 D UiControllerImpl: Injecting string: "Group17"
08-01 21:11:58.062  1553  1553 I GoogleInputMethodService: GoogleInputMethodService.setKeyboardViewShown():3483 setKeyboardViewShown() : type = HEADER, shownType = SHOW_MANDATORY_WITH_ANIMATION
08-01 21:11:58.063  1553  1553 I GoogleInputMethodService: GoogleInputMethodService.setKeyboardViewShown():3530 setKeyboardViewShown() : shouldShow = true
08-01 21:11:58.112  1553  1553 I GoogleInputMethodService: GoogleInputMethodService.setKeyboardViewShown():3483 setKeyboardViewShown() : type = HEADER, shownType = SHOW_MANDATORY_WITH_ANIMATION
08-01 21:11:58.112  1553  1553 I GoogleInputMethodService: GoogleInputMethodService.setKeyboardViewShown():3530 setKeyboardViewShown() : shouldShow = true
08-01 21:11:58.129  1553  1553 I GoogleInputMethodService: GoogleInputMethodService.setKeyboardViewShown():3483 setKeyboardViewShown() : type = HEADER, shownType = SHOW_MANDATORY_WITH_ANIMATION
08-01 21:11:58.130  1553  1553 I GoogleInputMethodService: GoogleInputMethodService.setKeyboardViewShown():3530 setKeyboardViewShown() : shouldShow = true
08-01 21:11:58.146  1553  1553 I GoogleInputMethodService: GoogleInputMethodService.setKeyboardViewShown():3483 setKeyboardViewShown() : type = HEADER, shownType = SHOW_MANDATORY_WITH_ANIMATION
08-01 21:11:58.147  1553  1553 I GoogleInputMethodService: GoogleInputMethodService.setKeyboardViewShown():3530 setKeyboardViewShown() : shouldShow = true
08-01 21:11:58.163  1553  1553 I GoogleInputMethodService: GoogleInputMethodService.setKeyboardViewShown():3483 setKeyboardViewShown() : type = HEADER, shownType = SHOW_MANDATORY_WITH_ANIMATION
08-01 21:11:58.163  1553  1553 I GoogleInputMethodService: GoogleInputMethodService.setKeyboardViewShown():3530 setKeyboardViewShown() : shouldShow = true
08-01 21:11:58.180  1553  1553 I GoogleInputMethodService: GoogleInputMethodService.setKeyboardViewShown():3483 setKeyboardViewShown() : type = HEADER, shownType = SHOW_MANDATORY_WITH_ANIMATION
08-01 21:11:58.180  1553  1553 I GoogleInputMethodService: GoogleInputMethodService.setKeyboardViewShown():3530 setKeyboardViewShown() : shouldShow = true
08-01 21:11:58.182 29108 29108 I ViewInteraction: Performing 'close keyboard' action on view view.getId() is <2130903042/com.example.android.testing.espresso.BasicSample:id/editTextUserInput>
08-01 21:11:58.184 29108 29108 D IdlingRegistry: Registering idling resources: [androidx.test.espresso.action.CloseKeyboardAction$CloseKeyboardIdlingResult@bb935dc]
08-01 21:11:58.185 29108 29108 I ImeTracker: com.example.android.testing.espresso.BasicSample:f95adc9f: onRequestHide at ORIGIN_CLIENT_HIDE_SOFT_INPUT reason HIDE_SOFT_INPUT
08-01 21:11:58.186  1553  1553 I GoogleInputMethodService: GoogleInputMethodService.onFinishInputView():2241
08-01 21:11:58.187  1553  1553 W TooltipLifecycleManager: TooltipLifecycleManager.dismissTooltips():159 Tooltip with id spell_check_add_to_dictionary not found in tooltipManager.
08-01 21:11:58.187  1553  1553 I InputBundle: InputBundle.consumeEvent():923 Skip consuming an event as keyboard status is 0
08-01 21:11:58.190  1553  1553 I KeyboardWrapper: KeyboardWrapper.consumeEvent():275 Skip consuming an event as current keyboard is deactivated (state=0, keyboard existence=true)
08-01 21:11:58.191  1553  1553 I VoiceInputManagerWrapper: VoiceInputManagerWrapper.shutdown():77 shutdown()
08-01 21:11:58.191  1553  1553 I AndroidIME: AbstractIme.onDeactivate():207 LatinIme.onDeactivate()
08-01 21:11:58.201 29108 29108 W WindowOnBackDispatcher: sendCancelIfRunning: isInProgress=falsecallback=ImeCallback=ImeOnBackInvokedCallback@60349402 Callback=android.window.IOnBackInvokedCallback$Stub$Proxy@f0cc6b
08-01 21:11:58.202  1553  1815 I NebulaeTrainingCacheMetricsProcessor: NebulaeTrainingCacheMetricsProcessor.processEndSession():447 No input action collection in this session, skip logging.
08-01 21:11:58.203  1553  4692 E native  : E0000 00:00:1722561118.203418    4692 keyboard.cc:27] Cannot create a keyboard with 0 valid keys
08-01 21:11:58.203  1553  1950 W Delight5Decoder: Delight5DecoderWrapper.shouldAbandonMessage():1983 Detected old [FetchSuggestions] request in background: 1505<1506
08-01 21:11:58.246   842   842 D StatusBarIconController: ignoring old pipeline callbacks, because the new mobile icons are enabled
08-01 21:11:58.414 29108 29108 I ImeTracker: com.example.android.testing.espresso.BasicSample:8bfc0104: onRequestHide at ORIGIN_CLIENT_HIDE_SOFT_INPUT reason HIDE_SOFT_INPUT_BY_INSETS_API
08-01 21:11:58.415   519  1661 I ImeTracker: com.example.android.testing.espresso.BasicSample:8bfc0104: onCancelled at PHASE_SERVER_SHOULD_HIDE
08-01 21:11:58.416 29108 29108 I ImeTracker: com.example.android.testing.espresso.BasicSample:f95adc9f: onHidden
08-01 21:11:58.504 29108 29108 D IdlingRegistry: Unregistering idling resources: [androidx.test.espresso.action.CloseKeyboardAction$CloseKeyboardIdlingResult@bb935dc]
08-01 21:11:58.507 29108 29108 I ViewInteraction: Performing 'single click' action on view view.getId() is <2130903040/com.example.android.testing.espresso.BasicSample:id/activityChangeTextBtn>
08-01 21:11:58.513  1099  1099 D TaplEvents: TIS / TouchInteractionService.onInputEvent: MotionEvent { action=ACTION_DOWN, actionButton=0, id[0]=0, x[0]=539.5, y[0]=843.5, toolType[0]=TOOL_TYPE_UNKNOWN, buttonState=BUTTON_PRIMARY, classification=NONE, metaState=0, flags=0x0, edgeFlags=0x0, pointerCount=1, historySize=0, eventTime=36398408, downTime=36398408, deviceId=-1, source=0x1002, displayId=0, eventId=-32820834 }
08-01 21:11:58.529 29108 29132 D EGL_emulation: app_time_stats: avg=21.91ms min=0.61ms max=283.49ms count=51
08-01 21:11:58.552  1099  1099 D TaplEvents: TIS / TouchInteractionService.onInputEvent: MotionEvent { action=ACTION_UP, actionButton=0, id[0]=0, x[0]=539.5, y[0]=843.5, toolType[0]=TOOL_TYPE_UNKNOWN, buttonState=BUTTON_PRIMARY, classification=NONE, metaState=0, flags=0x0, edgeFlags=0x0, pointerCount=1, historySize=0, eventTime=36398448, downTime=36398408, deviceId=-1, source=0x1002, displayId=0, eventId=-162904820 }
08-01 21:11:58.554   356  8306 D audioserver: FGS Logger Transaction failed
08-01 21:11:58.554   356  8306 D audioserver: -129
08-01 21:11:58.565 29108 29108 D LifecycleMonitor: Lifecycle status change: com.example.android.testing.espresso.BasicSample.MainActivity@7ddb841 in: PAUSED
08-01 21:11:58.565 29108 29108 V ActivityScenario: Update currentActivityStage to PAUSED, currentActivity=com.example.android.testing.espresso.BasicSample.MainActivity@7ddb841
08-01 21:11:58.571   359   359 I BpBinder: onLastStrongRef automatically unlinking death recipients:
08-01 21:11:58.579 29108 29108 D LifecycleMonitor: Lifecycle status change: com.example.android.testing.espresso.BasicSample.ShowTextActivity@d0d53e0 in: PRE_ON_CREATE
08-01 21:11:58.580 29108 29108 V ActivityScenario: Activity lifecycle changed event received but ignored because the intent does not match. startActivityIntent=Intent { act=android.intent.action.MAIN cat=[android.intent.category.LAUNCHER] flg=0x10008000 cmp=com.example.android.testing.espresso.BasicSample/.MainActivity }, activity.getIntent()=Intent { cmp=com.example.android.testing.espresso.BasicSample/.ShowTextActivity (has extras) }, activity=com.example.android.testing.espresso.BasicSample.ShowTextActivity@d0d53e0
08-01 21:11:58.584 29108 29108 D LifecycleMonitor: Lifecycle status change: com.example.android.testing.espresso.BasicSample.ShowTextActivity@d0d53e0 in: CREATED
08-01 21:11:58.584 29108 29108 V ActivityScenario: Activity lifecycle changed event received but ignored because the intent does not match. startActivityIntent=Intent { act=android.intent.action.MAIN cat=[android.intent.category.LAUNCHER] flg=0x10008000 cmp=com.example.android.testing.espresso.BasicSample/.MainActivity }, activity.getIntent()=Intent { cmp=com.example.android.testing.espresso.BasicSample/.ShowTextActivity (has extras) }, activity=com.example.android.testing.espresso.BasicSample.ShowTextActivity@d0d53e0
08-01 21:11:58.585 29108 29108 D LifecycleMonitor: Lifecycle status change: com.example.android.testing.espresso.BasicSample.ShowTextActivity@d0d53e0 in: STARTED
08-01 21:11:58.585 29108 29108 V ActivityScenario: Activity lifecycle changed event received but ignored because the intent does not match. startActivityIntent=Intent { act=android.intent.action.MAIN cat=[android.intent.category.LAUNCHER] flg=0x10008000 cmp=com.example.android.testing.espresso.BasicSample/.MainActivity }, activity.getIntent()=Intent { cmp=com.example.android.testing.espresso.BasicSample/.ShowTextActivity (has extras) }, activity=com.example.android.testing.espresso.BasicSample.ShowTextActivity@d0d53e0
08-01 21:11:58.586 29108 29108 D LifecycleMonitor: Lifecycle status change: com.example.android.testing.espresso.BasicSample.ShowTextActivity@d0d53e0 in: RESUMED
08-01 21:11:58.586 29108 29108 V ActivityScenario: Activity lifecycle changed event received but ignored because the intent does not match. startActivityIntent=Intent { act=android.intent.action.MAIN cat=[android.intent.category.LAUNCHER] flg=0x10008000 cmp=com.example.android.testing.espresso.BasicSample/.MainActivity }, activity.getIntent()=Intent { cmp=com.example.android.testing.espresso.BasicSample/.ShowTextActivity (has extras) }, activity=com.example.android.testing.espresso.BasicSample.ShowTextActivity@d0d53e0
08-01 21:11:58.602 29108 29132 E OpenGLRenderer: Unable to match the desired swap behavior.
08-01 21:11:58.616   519   538 I ActivityTaskManager: Displayed com.example.android.testing.espresso.BasicSample/.ShowTextActivity for user 0: +55ms
08-01 21:11:58.771   356   459 D audioserver: FGS Logger Transaction failed
08-01 21:11:58.773   356   459 D audioserver: -129
08-01 21:11:58.807   519  1661 I ImeTracker: com.example.android.testing.espresso.BasicSample:934e2e25: onRequestHide at ORIGIN_SERVER_HIDE_INPUT reason HIDE_UNSPECIFIED_WINDOW
08-01 21:11:58.808   519  1661 I ImeTracker: com.example.android.testing.espresso.BasicSample:934e2e25: onCancelled at PHASE_SERVER_SHOULD_HIDE
08-01 21:11:58.810  1553  1553 I GoogleInputMethodService: GoogleInputMethodService.onFinishInput():3227
08-01 21:11:58.811  1553  1553 I GoogleInputMethodService: GoogleInputMethodService.updateDeviceLockedStatus():2087 repeatCheckTimes = 0, unlocked = true
08-01 21:11:58.812  1553  1553 I GoogleInputMethodService: GoogleInputMethodService.onStartInput():1877 onStartInput(EditorInfo{inputType=0x0(NULL) imeOptions=0x0 privateImeOptions=null actionName=UNSPECIFIED actionLabel=null actionId=0 initialSelStart=-1 initialSelEnd=-1 initialCapsMode=0x0 hintText=null label=null packageName=com.example.android.testing.espresso.BasicSample fieldId=0 fieldName=null extras=null}, false)
08-01 21:11:58.812  1553  1553 I GoogleInputMethodService: GoogleInputMethodService.shouldHideHeaderOnInitialState():4008 ShouldHideHeaderOnInitialState = false
08-01 21:11:58.812  1553  1553 I GoogleInputMethodService: GoogleInputMethodService.updateDeviceLockedStatus():2087 repeatCheckTimes = 2, unlocked = true
08-01 21:11:58.844   842   916 D EGL_emulation: app_time_stats: avg=13.61ms min=0.77ms max=34.69ms count=59
08-01 21:11:58.848 29108 29108 I ViewInteraction: Checking 'MatchesViewAssertion{viewMatcher=an instance of android.widget.TextView and view.getText() with or without transformation to match: is "Group17"}' assertion on view view.getId() is <2130903043/com.example.android.testing.espresso.BasicSample:id/show_text_view>
08-01 21:11:58.850 29108 29108 I ViewInteraction: Performing 'send keyCode: 4, metaState: 0 key event' action on view view.getRootView() to equal view
08-01 21:11:58.854  1553  1553 I GoogleInputMethodService: GoogleInputMethodService.onKeyDown():2444 Received KEYCODE_BACK. isAllViewsInvisible=false
08-01 21:11:58.862 29108 29108 D LifecycleMonitor: Lifecycle status change: com.example.android.testing.espresso.BasicSample.ShowTextActivity@d0d53e0 in: PAUSED
08-01 21:11:58.863 29108 29108 V ActivityScenario: Activity lifecycle changed event received but ignored because the intent does not match. startActivityIntent=Intent { act=android.intent.action.MAIN cat=[android.intent.category.LAUNCHER] flg=0x10008000 cmp=com.example.android.testing.espresso.BasicSample/.MainActivity }, activity.getIntent()=Intent { cmp=com.example.android.testing.espresso.BasicSample/.ShowTextActivity (has extras) }, activity=com.example.android.testing.espresso.BasicSample.ShowTextActivity@d0d53e0
08-01 21:11:58.866 29108 29108 D LifecycleMonitor: Lifecycle status change: com.example.android.testing.espresso.BasicSample.MainActivity@7ddb841 in: RESUMED
08-01 21:11:58.866 29108 29108 V ActivityScenario: Update currentActivityStage to RESUMED, currentActivity=com.example.android.testing.espresso.BasicSample.MainActivity@7ddb841
08-01 21:11:58.894   519   602 I ImeTracker: com.example.android.testing.espresso.BasicSample:d7b11a14: onRequestHide at ORIGIN_SERVER_HIDE_INPUT reason HIDE_UNSPECIFIED_WINDOW
08-01 21:11:58.894   519   602 I ImeTracker: com.example.android.testing.espresso.BasicSample:d7b11a14: onCancelled at PHASE_SERVER_SHOULD_HIDE
08-01 21:11:58.895  1553  1553 I GoogleInputMethodService: GoogleInputMethodService.onFinishInput():3227
08-01 21:11:58.896  1553  1553 I GoogleInputMethodService: GoogleInputMethodService.updateDeviceLockedStatus():2087 repeatCheckTimes = 0, unlocked = true
08-01 21:11:58.896  1553  1553 I GoogleInputMethodService: GoogleInputMethodService.onStartInput():1877 onStartInput(EditorInfo{inputType=0x1(Normal) imeOptions=0x6 privateImeOptions=null actionName=DONE actionLabel=null actionId=0 initialSelStart=7 initialSelEnd=7 initialCapsMode=0x0 hintText=non-empty label=null packageName=com.example.android.testing.espresso.BasicSample fieldId=2130903042 fieldName=null extras=null}, false)
08-01 21:11:58.896  1553  1553 I GoogleInputMethodService: GoogleInputMethodService.shouldHideHeaderOnInitialState():4008 ShouldHideHeaderOnInitialState = false
08-01 21:11:58.896  1553  1553 I GoogleInputMethodService: GoogleInputMethodService.updateDeviceLockedStatus():2087 repeatCheckTimes = 2, unlocked = true
08-01 21:11:59.475 29108 29108 D LifecycleMonitor: Lifecycle status change: com.example.android.testing.espresso.BasicSample.ShowTextActivity@d0d53e0 in: STOPPED
08-01 21:11:59.476 29108 29108 V ActivityScenario: Activity lifecycle changed event received but ignored because the intent does not match. startActivityIntent=Intent { act=android.intent.action.MAIN cat=[android.intent.category.LAUNCHER] flg=0x10008000 cmp=com.example.android.testing.espresso.BasicSample/.MainActivity }, activity.getIntent()=Intent { cmp=com.example.android.testing.espresso.BasicSample/.ShowTextActivity (has extras) }, activity=com.example.android.testing.espresso.BasicSample.ShowTextActivity@d0d53e0
08-01 21:11:59.476 29108 29108 D LifecycleMonitor: Lifecycle status change: com.example.android.testing.espresso.BasicSample.ShowTextActivity@d0d53e0 in: DESTROYED
08-01 21:11:59.477 29108 29108 V ActivityScenario: Activity lifecycle changed event received but ignored because the intent does not match. startActivityIntent=Intent { act=android.intent.action.MAIN cat=[android.intent.category.LAUNCHER] flg=0x10008000 cmp=com.example.android.testing.espresso.BasicSample/.MainActivity }, activity.getIntent()=Intent { cmp=com.example.android.testing.espresso.BasicSample/.ShowTextActivity (has extras) }, activity=com.example.android.testing.espresso.BasicSample.ShowTextActivity@d0d53e0
08-01 21:11:59.477 29108 29108 W WindowOnBackDispatcher: sendCancelIfRunning: isInProgress=falsecallback=android.view.ViewRootImpl$$ExternalSyntheticLambda17@e489a36
08-01 21:11:59.478   519   602 W InputManager-JNI: Input channel object '8582c39 com.example.android.testing.espresso.BasicSample/com.example.android.testing.espresso.BasicSample.ShowTextActivity (client)' was disposed without first being removed with the input manager!
08-01 21:11:59.492 29108 29108 W KeyEventActionBase: Back was pressed and left the application in an inconsistent state even after 600ms.
08-01 21:11:59.494 29108 29108 I ViewInteraction: Performing 'replace text()' action on view view.getId() is <2130903042/com.example.android.testing.espresso.BasicSample:id/editTextUserInput>
08-01 21:11:59.508  1553  1553 I GoogleInputMethodService: GoogleInputMethodService.onStartInput():1877 onStartInput(EditorInfo{inputType=0x1(Normal) imeOptions=0x6 privateImeOptions=null actionName=DONE actionLabel=null actionId=0 initialSelStart=0 initialSelEnd=0 initialCapsMode=0x3000 hintText=non-empty label=null packageName=com.example.android.testing.espresso.BasicSample fieldId=2130903042 fieldName=null extras=null}, true)
08-01 21:11:59.508  1553  1553 I GoogleInputMethodService: GoogleInputMethodService.shouldHideHeaderOnInitialState():4008 ShouldHideHeaderOnInitialState = false
08-01 21:11:59.508  1553  1553 I GoogleInputMethodService: GoogleInputMethodService.updateDeviceLockedStatus():2087 repeatCheckTimes = 2, unlocked = true
08-01 21:11:59.509  1553  1553 W SessionManager: SessionManager.beginSession():53 Try to begin an already begun session [INPUT_SESSION], end it first
08-01 21:11:59.515   842   912 D SplashScreenView: Build android.window.SplashScreenView{b71c54b V.E...... ......ID 0,0-0,0}
08-01 21:11:59.515   842   912 D SplashScreenView: Icon: view: null drawable: null size: 0
08-01 21:11:59.515   842   912 D SplashScreenView: Branding: view: android.view.View{c900b28 G.ED..... ......I. 0,0-0,0 #10204ef android:id/splashscreen_branding_view} drawable: null size w: 0 h: 0
08-01 21:11:59.520 29108 29108 D LifecycleMonitor: Lifecycle status change: com.example.android.testing.espresso.BasicSample.MainActivity@7ddb841 in: PAUSED
08-01 21:11:59.520 29108 29108 V ActivityScenario: Update currentActivityStage to PAUSED, currentActivity=com.example.android.testing.espresso.BasicSample.MainActivity@7ddb841
08-01 21:11:59.538   359   359 I BpBinder: onLastStrongRef automatically unlinking death recipients:
08-01 21:11:59.545   842   916 E OpenGLRenderer: Unable to match the desired swap behavior.
08-01 21:11:59.553 29144 29162 W OpenGLRenderer: Failed to choose config with EGL_SWAP_BEHAVIOR_PRESERVED, retrying without...
08-01 21:11:59.553 29144 29162 W OpenGLRenderer: Failed to initialize 101010-2 format, error = EGL_SUCCESS
08-01 21:11:59.559 29108 29132 D EGL_emulation: app_time_stats: avg=18.71ms min=12.58ms max=107.13ms count=55
08-01 21:11:59.560 29144 29162 E OpenGLRenderer: Unable to match the desired swap behavior.
08-01 21:11:59.596 27998 28014 E OpenGLRenderer: Unable to match the desired swap behavior.
08-01 21:11:59.644   519  1079 I ImeTracker: jlin2.examples.localtesting:ef39d971: onRequestHide at ORIGIN_SERVER_HIDE_INPUT reason HIDE_UNSPECIFIED_WINDOW
08-01 21:11:59.645   519  1079 I ImeTracker: jlin2.examples.localtesting:ef39d971: onCancelled at PHASE_SERVER_SHOULD_HIDE
08-01 21:11:59.646  1553  1553 I GoogleInputMethodService: GoogleInputMethodService.onFinishInput():3227
08-01 21:11:59.646  1553  1553 I GoogleInputMethodService: GoogleInputMethodService.updateDeviceLockedStatus():2087 repeatCheckTimes = 0, unlocked = true
08-01 21:11:59.647  1553  1553 I GoogleInputMethodService: GoogleInputMethodService.onStartInput():1877 onStartInput(EditorInfo{inputType=0x0(NULL) imeOptions=0x0 privateImeOptions=null actionName=UNSPECIFIED actionLabel=null actionId=0 initialSelStart=-1 initialSelEnd=-1 initialCapsMode=0x0 hintText=null label=null packageName=jlin2.examples.localtesting fieldId=0 fieldName=null extras=null}, false)
08-01 21:11:59.647  1553  1553 I GoogleInputMethodService: GoogleInputMethodService.shouldHideHeaderOnInitialState():4008 ShouldHideHeaderOnInitialState = false
08-01 21:11:59.647  1553  1553 I GoogleInputMethodService: GoogleInputMethodService.updateDeviceLockedStatus():2087 repeatCheckTimes = 2, unlocked = true
08-01 21:11:59.912   842   916 D EGL_emulation: app_time_stats: avg=22.84ms min=0.84ms max=103.38ms count=39
08-01 21:11:59.928   842   911 W WindowOnBackDispatcher: sendCancelIfRunning: isInProgress=falsecallback=android.view.ViewRootImpl$$ExternalSyntheticLambda17@c648e72
08-01 21:11:59.928   519  1079 W InputManager-JNI: Input channel object 'f7f5dbf Splash Screen com.example.android.testing.espresso.BasicSample.test (client)' was disposed without first being removed with the input manager!
08-01 21:11:59.978   842   911 W FrameTracker: Missing SF jank callback for vsyncId: 1873999, CUJ=J<SPLASHSCREEN_EXIT_ANIM>
08-01 21:12:00.004  1592  2022 I AiAiEcho: Predicting[0]:
08-01 21:12:00.008  1592  2022 I AiAiEcho: EchoTargets:
08-01 21:12:00.008  1592  2022 I AiAiEcho: Filtered by AiAi flag check:
08-01 21:12:00.008  1592  2022 I AiAiEcho: Ranked targets strategy: SORT, count: 0, ranking metadata:
08-01 21:12:00.009  1592  2022 I AiAiEcho: #postPredictionTargets: Sending updates to UISurface lockscreen with targets# 0 (types=[])
08-01 21:12:00.010   842   842 W PageIndicator: Total number of pages invalid: 0. Assuming 1 page.
08-01 21:12:00.044   842   916 D EGL_emulation: app_time_stats: avg=446.18ms min=2.86ms max=8130.54ms count=19
08-01 21:12:00.149 29144 29144 W WindowOnBackDispatcher: sendCancelIfRunning: isInProgress=falsecallback=android.view.ViewRootImpl$$ExternalSyntheticLambda17@c77c890
08-01 21:12:00.150   519   920 W InputManager-JNI: Input channel object '51a24b6 com.example.android.testing.espresso.BasicSample.test/androidx.test.core.app.InstrumentationActivityInvoker$EmptyActivity (client)' was disposed without first being removed with the input manager!
08-01 21:12:00.167 29108 29108 D LifecycleMonitor: Lifecycle status change: com.example.android.testing.espresso.BasicSample.MainActivity@7ddb841 in: STOPPED
08-01 21:12:00.168 29108 29108 V ActivityScenario: Update currentActivityStage to STOPPED, currentActivity=com.example.android.testing.espresso.BasicSample.MainActivity@7ddb841
08-01 21:12:00.169 29108 29108 D AutofillManager: onActivityFinishing(): calling cancelLocked()
08-01 21:12:00.169 29108 29108 D LifecycleMonitor: Lifecycle status change: com.example.android.testing.espresso.BasicSample.MainActivity@7ddb841 in: DESTROYED
08-01 21:12:00.169 29108 29108 V ActivityScenario: Update currentActivityStage to DESTROYED, currentActivity=null
08-01 21:12:00.170 29108 29129 I TestRunner: finished: validateEditText(com.example.android.testing.espresso.BasicSample.MainActivityTest)
