08-01 21:11:54.362  1553  1553 I GoogleInputMethodService: GoogleInputMethodService.onStartInput():1877 onStartInput(EditorInfo{inputType=0x0(NULL) imeOptions=0x0 privateImeOptions=null actionName=UNSPECIFIED actionLabel=null actionId=0 initialSelStart=-1 initialSelEnd=-1 initialCapsMode=0x0 hintText=null label=null packageName=com.example.android.testing.espresso.BasicSample fieldId=0 fieldName=null extras=null}, false)
08-01 21:11:54.362  1553  1553 I GoogleInputMethodService: GoogleInputMethodService.shouldHideHeaderOnInitialState():4008 ShouldHideHeaderOnInitialState = false
08-01 21:11:54.363  1553  1553 I GoogleInputMethodService: GoogleInputMethodService.updateDeviceLockedStatus():2087 repeatCheckTimes = 2, unlocked = true
08-01 21:11:54.419   356   459 D audioserver: FGS Logger Transaction failed
08-01 21:11:54.419   356   459 D audioserver: -129
08-01 21:11:54.496 29108 29108 I ViewInteraction: Checking 'MatchesViewAssertion{viewMatcher=an instance of android.widget.TextView and view.getText() with or without transformation to match: is "123"}' assertion on view view.getId() is <2130903043/com.example.android.testing.espresso.BasicSample:id/show_text_view>
08-01 21:11:54.498 29108 29108 I ViewInteraction: Performing 'send keyCode: 4, metaState: 0 key event' action on view view.getRootView() to equal view
08-01 21:11:54.503  1553  1553 I GoogleInputMethodService: GoogleInputMethodService.onKeyDown():2444 Received KEYCODE_BACK. isAllViewsInvisible=false
08-01 21:11:54.510 29108 29108 D LifecycleMonitor: Lifecycle status change: com.example.android.testing.espresso.BasicSample.ShowTextActivity@acc3766 in: PAUSED
08-01 21:11:54.511 29108 29108 V ActivityScenario: Activity lifecycle changed event received but ignored because the intent does not match. startActivityIntent=Intent { act=android.intent.action.MAIN cat=[android.intent.category.LAUNCHER] flg=0x10008000 cmp=com.example.android.testing.espresso.BasicSample/.MainActivity }, activity.getIntent()=Intent { cmp=com.example.android.testing.espresso.BasicSample/.ShowTextActivity (has extras) }, activity=com.example.android.testing.espresso.BasicSample.ShowTextActivity@acc3766
08-01 21:11:54.514 29108 29108 D LifecycleMonitor: Lifecycle status change: com.example.android.testing.espresso.BasicSample.MainActivity@7ddb841 in: RESUMED
08-01 21:11:54.515 29108 29108 V ActivityScenario: Update currentActivityStage to RESUMED, currentActivity=com.example.android.testing.espresso.BasicSample.MainActivity@7ddb841
08-01 21:11:54.546   519   920 I ImeTracker: com.example.android.testing.espresso.BasicSample:34af45e0: onRequestHide at ORIGIN_SERVER_HIDE_INPUT reason HIDE_UNSPECIFIED_WINDOW
08-01 21:11:54.546   519   920 I ImeTracker: com.example.android.testing.espresso.BasicSample:34af45e0: onCancelled at PHASE_SERVER_SHOULD_HIDE
08-01 21:11:54.547  1553  1553 I GoogleInputMethodService: GoogleInputMethodService.onFinishInput():3227
08-01 21:11:54.548  1553  1553 I GoogleInputMethodService: GoogleInputMethodService.updateDeviceLockedStatus():2087 repeatCheckTimes = 0, unlocked = true
08-01 21:11:54.548  1553  1553 I GoogleInputMethodService: GoogleInputMethodService.onStartInput():1877 onStartInput(EditorInfo{inputType=0x1(Normal) imeOptions=0x6 privateImeOptions=null actionName=DONE actionLabel=null actionId=0 initialSelStart=3 initialSelEnd=3 initialCapsMode=0x0 hintText=non-empty label=null packageName=com.example.android.testing.espresso.BasicSample fieldId=2130903042 fieldName=null extras=null}, false)
08-01 21:11:54.548  1553  1553 I GoogleInputMethodService: GoogleInputMethodService.shouldHideHeaderOnInitialState():4008 ShouldHideHeaderOnInitialState = false
08-01 21:11:54.548  1553  1553 I GoogleInputMethodService: GoogleInputMethodService.updateDeviceLockedStatus():2087 repeatCheckTimes = 2, unlocked = true
08-01 21:11:54.811   842   916 D EGL_emulation: app_time_stats: avg=20.80ms min=12.34ms max=49.78ms count=49
08-01 21:11:54.884 28979 28980 I AidlLazyServiceRegistrar: Process has 0 (of 1 available) client(s) in use after notification artd has clients: 0
08-01 21:11:54.884 28979 28980 I AidlLazyServiceRegistrar: Trying to shut down the service. No clients in use for any service in process.
08-01 21:11:54.885 28979 28980 I AidlLazyServiceRegistrar: Unregistered all clients and exiting
08-01 21:11:55.027 29108 29108 D LifecycleMonitor: Lifecycle status change: com.example.android.testing.espresso.BasicSample.ShowTextActivity@acc3766 in: STOPPED
08-01 21:11:55.027 29108 29108 V ActivityScenario: Activity lifecycle changed event received but ignored because the intent does not match. startActivityIntent=Intent { act=android.intent.action.MAIN cat=[android.intent.category.LAUNCHER] flg=0x10008000 cmp=com.example.android.testing.espresso.BasicSample/.MainActivity }, activity.getIntent()=Intent { cmp=com.example.android.testing.espresso.BasicSample/.ShowTextActivity (has extras) }, activity=com.example.android.testing.espresso.BasicSample.ShowTextActivity@acc3766
08-01 21:11:55.028 29108 29108 D LifecycleMonitor: Lifecycle status change: com.example.android.testing.espresso.BasicSample.ShowTextActivity@acc3766 in: DESTROYED
08-01 21:11:55.028 29108 29108 V ActivityScenario: Activity lifecycle changed event received but ignored because the intent does not match. startActivityIntent=Intent { act=android.intent.action.MAIN cat=[android.intent.category.LAUNCHER] flg=0x10008000 cmp=com.example.android.testing.espresso.BasicSample/.MainActivity }, activity.getIntent()=Intent { cmp=com.example.android.testing.espresso.BasicSample/.ShowTextActivity (has extras) }, activity=com.example.android.testing.espresso.BasicSample.ShowTextActivity@acc3766
08-01 21:11:55.029 29108 29108 W WindowOnBackDispatcher: sendCancelIfRunning: isInProgress=falsecallback=android.view.ViewRootImpl$$ExternalSyntheticLambda17@754ccb5
08-01 21:11:55.030   519   920 W InputManager-JNI: Input channel object 'f251aba com.example.android.testing.espresso.BasicSample/com.example.android.testing.espresso.BasicSample.ShowTextActivity (client)' was disposed without first being removed with the input manager!
08-01 21:11:55.136 29108 29108 W KeyEventActionBase: Back was pressed and left the application in an inconsistent state even after 600ms.
08-01 21:11:55.139 29108 29108 I ViewInteraction: Performing 'replace text()' action on view view.getId() is <2130903042/com.example.android.testing.espresso.BasicSample:id/editTextUserInput>
08-01 21:11:55.158  1553  1553 I GoogleInputMethodService: GoogleInputMethodService.onStartInput():1877 onStartInput(EditorInfo{inputType=0x1(Normal) imeOptions=0x6 privateImeOptions=null actionName=DONE actionLabel=null actionId=0 initialSelStart=0 initialSelEnd=0 initialCapsMode=0x3000 hintText=non-empty label=null packageName=com.example.android.testing.espresso.BasicSample fieldId=2130903042 fieldName=null extras=null}, true)
08-01 21:11:55.159  1553  1553 I GoogleInputMethodService: GoogleInputMethodService.shouldHideHeaderOnInitialState():4008 ShouldHideHeaderOnInitialState = false
08-01 21:11:55.159  1553  1553 I GoogleInputMethodService: GoogleInputMethodService.updateDeviceLockedStatus():2087 repeatCheckTimes = 2, unlocked = true
08-01 21:11:55.159  1553  1553 W SessionManager: SessionManager.beginSession():53 Try to begin an already begun session [INPUT_SESSION], end it first
08-01 21:11:55.161 29108 29108 I ViewInteraction: Performing 'type text()' action on view view.getId() is <2130903042/com.example.android.testing.espresso.BasicSample:id/editTextUserInput>
08-01 21:11:55.164 29108 29108 W TypeTextAction: Supplied string is empty resulting in no-op (nothing is typed).
08-01 21:11:55.167 29108 29108 I ViewInteraction: Performing 'close keyboard' action on view view.getId() is <2130903042/com.example.android.testing.espresso.BasicSample:id/editTextUserInput>
08-01 21:11:55.170 29108 29108 D IdlingRegistry: Registering idling resources: [androidx.test.espresso.action.CloseKeyboardAction$CloseKeyboardIdlingResult@968b887]
08-01 21:11:55.170 29108 29108 I ImeTracker: com.example.android.testing.espresso.BasicSample:ff33fe3a: onRequestHide at ORIGIN_CLIENT_HIDE_SOFT_INPUT reason HIDE_SOFT_INPUT
08-01 21:11:55.171   519   920 I ImeTracker: com.example.android.testing.espresso.BasicSample:ff33fe3a: onCancelled at PHASE_SERVER_SHOULD_HIDE
08-01 21:11:55.173 29108 29108 W CloseKeyboardAction: Attempting to close soft keyboard, while it is not shown.
08-01 21:11:55.173 29108 29108 D IdlingRegistry: Unregistering idling resources: [androidx.test.espresso.action.CloseKeyboardAction$CloseKeyboardIdlingResult@968b887]
08-01 21:11:55.175 29108 29108 I ViewInteraction: Performing 'single click' action on view view.getId() is <2130903041/com.example.android.testing.espresso.BasicSample:id/changeTextBt>
08-01 21:11:55.179  1099  1099 D TaplEvents: TIS / TouchInteractionService.onInputEvent: MotionEvent { action=ACTION_DOWN, actionButton=0, id[0]=0, x[0]=539.5, y[0]=711.5, toolType[0]=TOOL_TYPE_UNKNOWN, buttonState=BUTTON_PRIMARY, classification=NONE, metaState=0, flags=0x0, edgeFlags=0x0, pointerCount=1, historySize=0, eventTime=36395075, downTime=36395075, deviceId=-1, source=0x1002, displayId=0, eventId=-294377327 }
08-01 21:11:55.220  1099  1099 D TaplEvents: TIS / TouchInteractionService.onInputEvent: MotionEvent { action=ACTION_UP, actionButton=0, id[0]=0, x[0]=539.5, y[0]=711.5, toolType[0]=TOOL_TYPE_UNKNOWN, buttonState=BUTTON_PRIMARY, classification=NONE, metaState=0, flags=0x0, edgeFlags=0x0, pointerCount=1, historySize=0, eventTime=36395116, downTime=36395075, deviceId=-1, source=0x1002, displayId=0, eventId=-115634418 }
08-01 21:11:55.224   356  8340 D audioserver: FGS Logger Transaction failed
08-01 21:11:55.224   356  8340 D audioserver: -129
08-01 21:11:55.227 29108 29132 D EGL_emulation: app_time_stats: avg=19.14ms min=11.94ms max=121.98ms count=53
08-01 21:11:55.461   356   459 D audioserver: FGS Logger Transaction failed
08-01 21:11:55.461   356   459 D audioserver: -129
08-01 21:11:55.478 29108 29108 I ViewInteraction: Checking 'MatchesViewAssertion{viewMatcher=an instance of android.widget.TextView and view.getText() with or without transformation to match: is ""}' assertion on view view.getId() is <2130903044/com.example.android.testing.espresso.BasicSample:id/textToBeChanged>
08-01 21:11:55.481 29108 29108 I ViewInteraction: Performing 'replace text()' action on view view.getId() is <2130903042/com.example.android.testing.espresso.BasicSample:id/editTextUserInput>
08-01 21:11:55.489  1553  1553 I GoogleInputMethodService: GoogleInputMethodService.onStartInput():1877 onStartInput(EditorInfo{inputType=0x1(Normal) imeOptions=0x6 privateImeOptions=null actionName=DONE actionLabel=null actionId=0 initialSelStart=0 initialSelEnd=0 initialCapsMode=0x3000 hintText=non-empty label=null packageName=com.example.android.testing.espresso.BasicSample fieldId=2130903042 fieldName=null extras=null}, true)
08-01 21:11:55.490  1553  1553 I GoogleInputMethodService: GoogleInputMethodService.shouldHideHeaderOnInitialState():4008 ShouldHideHeaderOnInitialState = false
08-01 21:11:55.490  1553  1553 I GoogleInputMethodService: GoogleInputMethodService.updateDeviceLockedStatus():2087 repeatCheckTimes = 2, unlocked = true
08-01 21:11:55.490  1553  1553 W SessionManager: SessionManager.beginSession():53 Try to begin an already begun session [INPUT_SESSION], end it first
08-01 21:11:55.492 29108 29108 I ViewInteraction: Performing 'type text()' action on view view.getId() is <2130903042/com.example.android.testing.espresso.BasicSample:id/editTextUserInput>
08-01 21:11:55.494 29108 29108 W TypeTextAction: Supplied string is empty resulting in no-op (nothing is typed).
08-01 21:11:55.495 29108 29108 I ViewInteraction: Performing 'close keyboard' action on view view.getId() is <2130903042/com.example.android.testing.espresso.BasicSample:id/editTextUserInput>
08-01 21:11:55.497 29108 29108 D IdlingRegistry: Registering idling resources: [androidx.test.espresso.action.CloseKeyboardAction$CloseKeyboardIdlingResult@f0e5623]
08-01 21:11:55.498 29108 29108 I ImeTracker: com.example.android.testing.espresso.BasicSample:199df07: onRequestHide at ORIGIN_CLIENT_HIDE_SOFT_INPUT reason HIDE_SOFT_INPUT
08-01 21:11:55.498   519   920 I ImeTracker: com.example.android.testing.espresso.BasicSample:199df07: onCancelled at PHASE_SERVER_SHOULD_HIDE
08-01 21:11:55.499 29108 29108 W CloseKeyboardAction: Attempting to close soft keyboard, while it is not shown.
08-01 21:11:55.499 29108 29108 D IdlingRegistry: Unregistering idling resources: [androidx.test.espresso.action.CloseKeyboardAction$CloseKeyboardIdlingResult@f0e5623]
08-01 21:11:55.500 29108 29108 I ViewInteraction: Performing 'single click' action on view view.getId() is <2130903040/com.example.android.testing.espresso.BasicSample:id/activityChangeTextBtn>
08-01 21:11:55.502  1099  1099 D TaplEvents: TIS / TouchInteractionService.onInputEvent: MotionEvent { action=ACTION_DOWN, actionButton=0, id[0]=0, x[0]=539.5, y[0]=843.5, toolType[0]=TOOL_TYPE_UNKNOWN, buttonState=BUTTON_PRIMARY, classification=NONE, metaState=0, flags=0x0, edgeFlags=0x0, pointerCount=1, historySize=0, eventTime=36395398, downTime=36395398, deviceId=-1, source=0x1002, displayId=0, eventId=-87718723 }
08-01 21:11:55.541  1099  1099 D TaplEvents: TIS / TouchInteractionService.onInputEvent: MotionEvent { action=ACTION_UP, actionButton=0, id[0]=0, x[0]=539.5, y[0]=843.5, toolType[0]=TOOL_TYPE_UNKNOWN, buttonState=BUTTON_PRIMARY, classification=NONE, metaState=0, flags=0x0, edgeFlags=0x0, pointerCount=1, historySize=0, eventTime=36395438, downTime=36395398, deviceId=-1, source=0x1002, displayId=0, eventId=-966572124 }
08-01 21:11:55.544   356  8340 D audioserver: FGS Logger Transaction failed
08-01 21:11:55.544   356  8340 D audioserver: -129
08-01 21:11:55.549 29108 29108 D LifecycleMonitor: Lifecycle status change: com.example.android.testing.espresso.BasicSample.MainActivity@7ddb841 in: PAUSED
08-01 21:11:55.550 29108 29108 V ActivityScenario: Update currentActivityStage to PAUSED, currentActivity=com.example.android.testing.espresso.BasicSample.MainActivity@7ddb841
08-01 21:11:55.555   359   359 I BpBinder: onLastStrongRef automatically unlinking death recipients:
08-01 21:11:55.562 29108 29108 D LifecycleMonitor: Lifecycle status change: com.example.android.testing.espresso.BasicSample.ShowTextActivity@56ac995 in: PRE_ON_CREATE
08-01 21:11:55.563 29108 29108 V ActivityScenario: Activity lifecycle changed event received but ignored because the intent does not match. startActivityIntent=Intent { act=android.intent.action.MAIN cat=[android.intent.category.LAUNCHER] flg=0x10008000 cmp=com.example.android.testing.espresso.BasicSample/.MainActivity }, activity.getIntent()=Intent { cmp=com.example.android.testing.espresso.BasicSample/.ShowTextActivity (has extras) }, activity=com.example.android.testing.espresso.BasicSample.ShowTextActivity@56ac995
08-01 21:11:55.566 29108 29108 D LifecycleMonitor: Lifecycle status change: com.example.android.testing.espresso.BasicSample.ShowTextActivity@56ac995 in: CREATED
08-01 21:11:55.566 29108 29108 V ActivityScenario: Activity lifecycle changed event received but ignored because the intent does not match. startActivityIntent=Intent { act=android.intent.action.MAIN cat=[android.intent.category.LAUNCHER] flg=0x10008000 cmp=com.example.android.testing.espresso.BasicSample/.MainActivity }, activity.getIntent()=Intent { cmp=com.example.android.testing.espresso.BasicSample/.ShowTextActivity (has extras) }, activity=com.example.android.testing.espresso.BasicSample.ShowTextActivity@56ac995
08-01 21:11:55.567 29108 29108 D LifecycleMonitor: Lifecycle status change: com.example.android.testing.espresso.BasicSample.ShowTextActivity@56ac995 in: STARTED
08-01 21:11:55.567 29108 29108 V ActivityScenario: Activity lifecycle changed event received but ignored because the intent does not match. startActivityIntent=Intent { act=android.intent.action.MAIN cat=[android.intent.category.LAUNCHER] flg=0x10008000 cmp=com.example.android.testing.espresso.BasicSample/.MainActivity }, activity.getIntent()=Intent { cmp=com.example.android.testing.espresso.BasicSample/.ShowTextActivity (has extras) }, activity=com.example.android.testing.espresso.BasicSample.ShowTextActivity@56ac995
08-01 21:11:55.568 29108 29108 D LifecycleMonitor: Lifecycle status change: com.example.android.testing.espresso.BasicSample.ShowTextActivity@56ac995 in: RESUMED
08-01 21:11:55.568 29108 29108 V ActivityScenario: Activity lifecycle changed event received but ignored because the intent does not match. startActivityIntent=Intent { act=android.intent.action.MAIN cat=[android.intent.category.LAUNCHER] flg=0x10008000 cmp=com.example.android.testing.espresso.BasicSample/.MainActivity }, activity.getIntent()=Intent { cmp=com.example.android.testing.espresso.BasicSample/.ShowTextActivity (has extras) }, activity=com.example.android.testing.espresso.BasicSample.ShowTextActivity@56ac995
08-01 21:11:55.626 29108 29132 E OpenGLRenderer: Unable to match the desired swap behavior.
08-01 21:11:55.644   519   538 I ActivityTaskManager: Displayed com.example.android.testing.espresso.BasicSample/.ShowTextActivity for user 0: +86ms
08-01 21:11:55.757   519   920 I ImeTracker: com.example.android.testing.espresso.BasicSample:5b1af428: onRequestHide at ORIGIN_SERVER_HIDE_INPUT reason HIDE_UNSPECIFIED_WINDOW
08-01 21:11:55.757   519   920 I ImeTracker: com.example.android.testing.espresso.BasicSample:5b1af428: onCancelled at PHASE_SERVER_SHOULD_HIDE
08-01 21:11:55.759  1553  1553 I GoogleInputMethodService: GoogleInputMethodService.onFinishInput():3227
08-01 21:11:55.760  1553  1553 I GoogleInputMethodService: GoogleInputMethodService.updateDeviceLockedStatus():2087 repeatCheckTimes = 0, unlocked = true
08-01 21:11:55.760  1553  1553 I GoogleInputMethodService: GoogleInputMethodService.onStartInput():1877 onStartInput(EditorInfo{inputType=0x0(NULL) imeOptions=0x0 privateImeOptions=null actionName=UNSPECIFIED actionLabel=null actionId=0 initialSelStart=-1 initialSelEnd=-1 initialCapsMode=0x0 hintText=null label=null packageName=com.example.android.testing.espresso.BasicSample fieldId=0 fieldName=null extras=null}, false)
08-01 21:11:55.761  1553  1553 I GoogleInputMethodService: GoogleInputMethodService.shouldHideHeaderOnInitialState():4008 ShouldHideHeaderOnInitialState = false
08-01 21:11:55.761  1553  1553 I GoogleInputMethodService: GoogleInputMethodService.updateDeviceLockedStatus():2087 repeatCheckTimes = 2, unlocked = true
08-01 21:11:55.778   356   459 D audioserver: FGS Logger Transaction failed
08-01 21:11:55.778   356   459 D audioserver: -129
08-01 21:11:55.884 29108 29108 I ViewInteraction: Checking 'MatchesViewAssertion{viewMatcher=an instance of android.widget.TextView and view.getText() with or without transformation to match: is ""}' assertion on view view.getId() is <2130903043/com.example.android.testing.espresso.BasicSample:id/show_text_view>
08-01 21:11:55.886 29108 29108 I ViewInteraction: Performing 'send keyCode: 4, metaState: 0 key event' action on view view.getRootView() to equal view
08-01 21:11:55.894  1553  1553 I GoogleInputMethodService: GoogleInputMethodService.onKeyDown():2444 Received KEYCODE_BACK. isAllViewsInvisible=false
08-01 21:11:55.897 29108 29108 D LifecycleMonitor: Lifecycle status change: com.example.android.testing.espresso.BasicSample.ShowTextActivity@56ac995 in: PAUSED
08-01 21:11:55.898 29108 29108 V ActivityScenario: Activity lifecycle changed event received but ignored because the intent does not match. startActivityIntent=Intent { act=android.intent.action.MAIN cat=[android.intent.category.LAUNCHER] flg=0x10008000 cmp=com.example.android.testing.espresso.BasicSample/.MainActivity }, activity.getIntent()=Intent { cmp=com.example.android.testing.espresso.BasicSample/.ShowTextActivity (has extras) }, activity=com.example.android.testing.espresso.BasicSample.ShowTextActivity@56ac995
08-01 21:11:55.901 29108 29108 D LifecycleMonitor: Lifecycle status change: com.example.android.testing.espresso.BasicSample.MainActivity@7ddb841 in: RESUMED
08-01 21:11:55.901 29108 29108 V ActivityScenario: Update currentActivityStage to RESUMED, currentActivity=com.example.android.testing.espresso.BasicSample.MainActivity@7ddb841
08-01 21:11:55.930   519   920 I ImeTracker: com.example.android.testing.espresso.BasicSample:a3475b7e: onRequestHide at ORIGIN_SERVER_HIDE_INPUT reason HIDE_UNSPECIFIED_WINDOW
08-01 21:11:55.930   519   920 I ImeTracker: com.example.android.testing.espresso.BasicSample:a3475b7e: onCancelled at PHASE_SERVER_SHOULD_HIDE
08-01 21:11:55.931  1553  1553 I GoogleInputMethodService: GoogleInputMethodService.onFinishInput():3227
08-01 21:11:55.932  1553  1553 I GoogleInputMethodService: GoogleInputMethodService.updateDeviceLockedStatus():2087 repeatCheckTimes = 0, unlocked = true
08-01 21:11:55.932  1553  1553 I GoogleInputMethodService: GoogleInputMethodService.onStartInput():1877 onStartInput(EditorInfo{inputType=0x1(Normal) imeOptions=0x6 privateImeOptions=null actionName=DONE actionLabel=null actionId=0 initialSelStart=0 initialSelEnd=0 initialCapsMode=0x0 hintText=non-empty label=null packageName=com.example.android.testing.espresso.BasicSample fieldId=2130903042 fieldName=null extras=null}, false)
08-01 21:11:55.932  1553  1553 I GoogleInputMethodService: GoogleInputMethodService.shouldHideHeaderOnInitialState():4008 ShouldHideHeaderOnInitialState = false
08-01 21:11:55.932  1553  1553 I GoogleInputMethodService: GoogleInputMethodService.updateDeviceLockedStatus():2087 repeatCheckTimes = 2, unlocked = true
08-01 21:11:56.244 29108 29132 D EGL_emulation: app_time_stats: avg=15.53ms min=1.36ms max=46.19ms count=59
08-01 21:11:56.284 27484 27546 D BtGatt.ScanManager: regularScanTimeout - client scan time was too long
08-01 21:11:56.285 27484 27546 W BtGatt.ScanManager: Moving filtered scan client to downgraded scan (scannerId 3)
08-01 21:11:56.286 27484 27546 D BtGatt.ScanManager: configureRegularScanParams() - queue=3
08-01 21:11:56.290 27484 27546 I bt_stack: [INFO:le_scanning_manager.cc(168)] Scan in shim layer stopped
08-01 21:11:56.290 27484 27529 I bluetooth: packages/modules/Bluetooth/system/gd/hci/le_address_manager.cc:193 unregister_client: Client unregistered
08-01 21:11:56.290 27484 27529 I bluetooth: packages/modules/Bluetooth/system/gd/hci/le_address_manager.cc:197 unregister_client: Cancelled address rotation alarm
08-01 21:11:56.292 27484 27546 D BtGatt.ScanManager: Start gattClientScanNative with old scanMode 1 new scanMode 0 ( in MS: 1400 / 140, in scan unit: 2240 / 224 ) [ScanClient scanModeApp 1 scanModeUsed 0 [appScanStats com.google.uid.shared:10130]]
08-01 21:11:56.295 27484 27546 I bt_stack: [INFO:le_scanning_manager.cc(346)] SetScanParameters in shim layer
08-01 21:11:56.295 27484 27533 D BtGatt.GattService: onScanParamSetupCompleted : 0
08-01 21:11:56.296 27484 27546 I bt_stack: [INFO:le_scanning_manager.cc(168)] Scan in shim layer started
08-01 21:11:56.296 27484 27529 I bluetooth: packages/modules/Bluetooth/system/gd/hci/le_scanning_manager.cc:588 stop_scan: Scanning already stopped, return!
08-01 21:11:56.296 27484 27529 I bluetooth: packages/modules/Bluetooth/system/gd/hci/le_address_manager.cc:175 register_client: Scheduled address rotation for first client registered
08-01 21:11:56.296 27484 27529 I bluetooth: packages/modules/Bluetooth/system/gd/hci/le_address_manager.cc:178 register_client: Client registered
08-01 21:11:56.394 29108 29108 D LifecycleMonitor: Lifecycle status change: com.example.android.testing.espresso.BasicSample.ShowTextActivity@56ac995 in: STOPPED
08-01 21:11:56.394 29108 29108 V ActivityScenario: Activity lifecycle changed event received but ignored because the intent does not match. startActivityIntent=Intent { act=android.intent.action.MAIN cat=[android.intent.category.LAUNCHER] flg=0x10008000 cmp=com.example.android.testing.espresso.BasicSample/.MainActivity }, activity.getIntent()=Intent { cmp=com.example.android.testing.espresso.BasicSample/.ShowTextActivity (has extras) }, activity=com.example.android.testing.espresso.BasicSample.ShowTextActivity@56ac995
08-01 21:11:56.395 29108 29108 D LifecycleMonitor: Lifecycle status change: com.example.android.testing.espresso.BasicSample.ShowTextActivity@56ac995 in: DESTROYED
08-01 21:11:56.395 29108 29108 V ActivityScenario: Activity lifecycle changed event received but ignored because the intent does not match. startActivityIntent=Intent { act=android.intent.action.MAIN cat=[android.intent.category.LAUNCHER] flg=0x10008000 cmp=com.example.android.testing.espresso.BasicSample/.MainActivity }, activity.getIntent()=Intent { cmp=com.example.android.testing.espresso.BasicSample/.ShowTextActivity (has extras) }, activity=com.example.android.testing.espresso.BasicSample.ShowTextActivity@56ac995
08-01 21:11:56.396 29108 29108 W WindowOnBackDispatcher: sendCancelIfRunning: isInProgress=falsecallback=android.view.ViewRootImpl$$ExternalSyntheticLambda17@e7ef850
08-01 21:11:56.397   519   920 W InputManager-JNI: Input channel object 'c9dcd4b com.example.android.testing.espresso.BasicSample/com.example.android.testing.espresso.BasicSample.ShowTextActivity (client)' was disposed without first being removed with the input manager!
08-01 21:11:56.529 29108 29108 W KeyEventActionBase: Back was pressed and left the application in an inconsistent state even after 600ms.
08-01 21:11:56.532 29108 29108 I ViewInteraction: Performing 'replace text()' action on view view.getId() is <2130903042/com.example.android.testing.espresso.BasicSample:id/editTextUserInput>
08-01 21:11:56.539  1553  1553 I GoogleInputMethodService: GoogleInputMethodService.onStartInput():1877 onStartInput(EditorInfo{inputType=0x1(Normal) imeOptions=0x6 privateImeOptions=null actionName=DONE actionLabel=null actionId=0 initialSelStart=0 initialSelEnd=0 initialCapsMode=0x3000 hintText=non-empty label=null packageName=com.example.android.testing.espresso.BasicSample fieldId=2130903042 fieldName=null extras=null}, true)
08-01 21:11:56.540  1553  1553 I GoogleInputMethodService: GoogleInputMethodService.shouldHideHeaderOnInitialState():4008 ShouldHideHeaderOnInitialState = false
08-01 21:11:56.540  1553  1553 I GoogleInputMethodService: GoogleInputMethodService.updateDeviceLockedStatus():2087 repeatCheckTimes = 2, unlocked = true
08-01 21:11:56.540  1553  1553 W SessionManager: SessionManager.beginSession():53 Try to begin an already begun session [INPUT_SESSION], end it first
08-01 21:11:56.542 29108 29108 I ViewInteraction: Performing 'type text(Group17)' action on view view.getId() is <2130903042/com.example.android.testing.espresso.BasicSample:id/editTextUserInput>
08-01 21:11:56.545  1099  1099 D TaplEvents: TIS / TouchInteractionService.onInputEvent: MotionEvent { action=ACTION_DOWN, actionButton=0, id[0]=0, x[0]=539.5, y[0]=583.5, toolType[0]=TOOL_TYPE_UNKNOWN, buttonState=BUTTON_PRIMARY, classification=NONE, metaState=0, flags=0x0, edgeFlags=0x0, pointerCount=1, historySize=0, eventTime=36396442, downTime=36396442, deviceId=-1, source=0x1002, displayId=0, eventId=-384570505 }
08-01 21:11:56.587  1099  1099 D TaplEvents: TIS / TouchInteractionService.onInputEvent: MotionEvent { action=ACTION_UP, actionButton=0, id[0]=0, x[0]=539.5, y[0]=583.5, toolType[0]=TOOL_TYPE_UNKNOWN, buttonState=BUTTON_PRIMARY, classification=NONE, metaState=0, flags=0x0, edgeFlags=0x0, pointerCount=1, historySize=0, eventTime=36396483, downTime=36396442, deviceId=-1, source=0x1002, displayId=0, eventId=-122273117 }
08-01 21:11:56.589 29108 29108 I ImeTracker: com.example.android.testing.espresso.BasicSample:d7e41cec: onRequestShow at ORIGIN_CLIENT_SHOW_SOFT_INPUT reason SHOW_SOFT_INPUT
08-01 21:11:56.589 29108 29108 D InputMethodManager: showSoftInput() view=android.widget.EditText{94c52cd VFED..CL. .F.P.... 44,302-1036,426 #7f030002 app:id/editTextUserInput aid=1073741824} flags=0 reason=SHOW_SOFT_INPUT
08-01 21:11:56.591  1553  1553 I DeviceModeUtil: DeviceModeUtil.getDeviceMode():122 Get device mode phone by ui mode:1 and smallestScreenWidthDp:393
08-01 21:11:56.592  1553  1553 I GoogleInputMethodService: GoogleInputMethodService.onStartInputView():1995 onStartInputView(EditorInfo{inputType=0x1(Normal) imeOptions=0x6 privateImeOptions=null actionName=DONE actionLabel=null actionId=0 initialSelStart=0 initialSelEnd=0 initialCapsMode=0x3000 hintText=non-empty label=null packageName=com.example.android.testing.espresso.BasicSample fieldId=2130903042 fieldName=null extras=null}, false)
08-01 21:11:56.592  1553  1553 I GoogleInputMethodService: GoogleInputMethodService.updateDeviceLockedStatus():2087 repeatCheckTimes = 2, unlocked = true
08-01 21:11:56.592  1553  1553 W ModuleManager: ModuleManager.loadModule():450 Module erj is not available
08-01 21:11:56.594  1553  1815 I DeviceModeUtil: DeviceModeUtil.getDeviceMode():122 Get device mode phone by ui mode:1 and smallestScreenWidthDp:393
08-01 21:11:56.595  1553  1553 I KeyboardViewUtil: KeyboardViewUtil.getKeyboardHeightRatio():189 systemKeyboardHeightRatio:1.000000; userKeyboardHeightRatio:1.000000.
08-01 21:11:56.596  1553  1553 I AndroidIME: AbstractIme.onActivate():86 LatinIme.onActivate() : EditorInfo = inputType=0x1(Normal) imeOptions=0x6 privateImeOptions=null actionName=DONE actionLabel=null actionId=0 initialSelStart=0 initialSelEnd=0 initialCapsMode=0x3000 hintText=non-empty label=null packageName=com.example.android.testing.espresso.BasicSample fieldId=2130903042 fieldName=null extras=null, IncognitoMode = false, DeviceLocked = false
08-01 21:11:56.596  1553  1553 I Delight5Facilitator: Delight5Facilitator.initializeForIme():777 initializeForIme() : Locale = [en_US], layout = qwerty
08-01 21:11:56.596  1553  1553 I VoiceInputManagerWrapper: VoiceInputManagerWrapper.cancelShutdown():55 cancelShutdown()
08-01 21:11:56.597  1553  1553 I VoiceInputManagerWrapper: VoiceInputManagerWrapper.syncLanguagePacks():67 syncLanguagePacks()
08-01 21:11:56.597  1553  1553 I LatinIme: LatinIme.updateEnableInlineSuggestionsOnDecoderSideFlags():1003 inline flag updated to:false
08-01 21:11:56.598  1553  1553 I KeyboardWrapper: KeyboardWrapper.consumeEvent():275 Skip consuming an event as current keyboard is deactivated (state=0, keyboard existence=true)
08-01 21:11:56.599  1553  9821 I SpeechFactory: SpeechRecognitionFactory.maybeScheduleAutoPackDownloadForFallback():205 maybeScheduleAutoPackDownloadForFallback()
08-01 21:11:56.600  1553  9821 I FallbackOnDeviceRecognitionProvider: FallbackOnDeviceRecognitionProvider.maybeScheduleAutoPackDownload():195 maybeScheduleAutoPackDownload() for language tag en-US
08-01 21:11:56.600  1553  1553 I KeyboardViewUtil: KeyboardViewUtil.calculateMaxKeyboardBodyHeight():40 leave 344 height for app when screen height:2088, header height:121 and isFullscreenMode:false, so the max keyboard body height is:1623
08-01 21:11:56.600  1553  1553 I DeviceModeUtil: DeviceModeUtil.getDeviceMode():122 Get device mode phone by ui mode:1 and smallestScreenWidthDp:393
08-01 21:11:56.600  1553  1553 I GoogleInputMethodService: GoogleInputMethodService.setKeyboardViewShown():3483 setKeyboardViewShown() : type = HEADER, shownType = SHOW_OPTIONAL
08-01 21:11:56.601  1553  1553 I GoogleInputMethodService: GoogleInputMethodService.setKeyboardViewShown():3530 setKeyboardViewShown() : shouldShow = true
08-01 21:11:56.601  1553  1553 I GoogleInputMethodService: GoogleInputMethodService.setKeyboardViewShown():3483 setKeyboardViewShown() : type = BODY, shownType = SHOW_MANDATORY
08-01 21:11:56.601  1553  1553 I GoogleInputMethodService: GoogleInputMethodService.setKeyboardViewShown():3530 setKeyboardViewShown() : shouldShow = true
08-01 21:11:56.601  1553  1553 I GoogleInputMethodService: GoogleInputMethodService.setKeyboardViewShown():3483 setKeyboardViewShown() : type = FLOATING_CANDIDATES, shownType = HIDE
08-01 21:11:56.601  1553  1553 I GoogleInputMethodService: GoogleInputMethodService.setKeyboardViewShown():3530 setKeyboardViewShown() : shouldShow = false
08-01 21:11:56.602  1553  1553 I KeyboardViewUtil: KeyboardViewUtil.calculateMaxKeyboardBodyHeight():40 leave 344 height for app when screen height:2088, header height:121 and isFullscreenMode:false, so the max keyboard body height is:1623
08-01 21:11:56.602  1553  1553 I DeviceModeUtil: DeviceModeUtil.getDeviceMode():122 Get device mode phone by ui mode:1 and smallestScreenWidthDp:393
08-01 21:11:56.602  1553  1553 I DeviceModeUtil: DeviceModeUtil.getDeviceMode():122 Get device mode phone by ui mode:1 and smallestScreenWidthDp:393
08-01 21:11:56.603  1553  1553 I DeviceModeUtil: DeviceModeUtil.getDeviceMode():122 Get device mode phone by ui mode:1 and smallestScreenWidthDp:393
08-01 21:11:56.603  1553  1553 I KeyboardModeManager: KeyboardModeManager.setInputView():364 setInputView() : supportsOneHandedMode=true
08-01 21:11:56.603  1553  1553 I NormalModeController: NormalModeController.getKeyboardBodyViewHolderPaddingBottom():116 currentPrimeKeyboardType:SOFT systemPaddingBottom:-1
08-01 21:11:56.603  1553  1553 I NormalModeController: NormalModeController.getKeyboardBodyViewHolderPaddingBottom():116 currentPrimeKeyboardType:SOFT systemPaddingBottom:-1
08-01 21:11:56.604  1553  1553 I KeyboardModeManager: KeyboardModeManager.setInputView():356 setInputView() : entry=hwn{languageTag=en-US, variant=qwerty, hasLocalizedResources=true, conditionCacheKey=_device=phone_device_size=default_enable_adaptive_text_editing=true_enable_inline_suggestions_on_client_side=false_enable_large_tablet_batch_1=false_enable_large_tablet_batch_2=false_enable_more_candidates_view_for_multilingual=false_enable_nav_redesign=false_enable_number_row=false_enable_preemptive_decode=true_enable_secondary_symbols=false_expressions=normal_four_or_more_letter_rows=false_keyboard_mode=normal_language=en-US_orientation=portrait_physical_keyboard=qwerty_show_secondary_digits=true_show_suggestions=true_split_with_duplicate_keys=true_variant=qwerty, imeDef.stringId=ime_english_united_states, imeDef.className=com.google.android.apps.inputmethod.libs.latin5.LatinIme, imeDef.languageTag=en-US}
08-01 21:11:56.604  1553  1553 I VoiceImeExtension: VoiceImeExtension.shouldStartVoiceInputAutomatically():383 No private IME option set to start voice input.
08-01 21:11:56.608 17268 17268 D BoundBrokerSvc: onBind: Intent { act=com.google.android.gms.common.BIND_SHARED_PREFS pkg=com.google.android.gms }
08-01 21:11:56.608 17268 17268 D BoundBrokerSvc: Loading bound service for intent: Intent { act=com.google.android.gms.common.BIND_SHARED_PREFS pkg=com.google.android.gms }
08-01 21:11:56.614 17268 17268 D BoundBrokerSvc: onUnbind: Intent { act=com.google.android.gms.common.BIND_SHARED_PREFS pkg=com.google.android.gms }
08-01 21:11:56.616  1553  1868 E OpenGLRenderer: Unable to match the desired swap behavior.
08-01 21:11:56.628  1553  1553 I DeviceModeUtil: DeviceModeUtil.getDeviceMode():122 Get device mode phone by ui mode:1 and smallestScreenWidthDp:393
08-01 21:11:56.628  1553  1553 I DeviceModeUtil: DeviceModeUtil.getDeviceMode():122 Get device mode phone by ui mode:1 and smallestScreenWidthDp:393
08-01 21:11:56.628  1553  1553 I NormalModeController: NormalModeController.getKeyboardBodyViewHolderPaddingBottom():116 currentPrimeKeyboardType:SOFT systemPaddingBottom:-1
08-01 21:11:56.629  1553  1950 I Delight5Decoder: Delight5DecoderWrapper.setKeyboardLayout():457 setKeyboardLayout()
08-01 21:11:56.633 17268 17268 D BoundBrokerSvc: onBind: Intent { act=com.google.android.gms.common.BIND_SHARED_PREFS pkg=com.google.android.gms }
08-01 21:11:56.633 17268 17268 D BoundBrokerSvc: Loading bound service for intent: Intent { act=com.google.android.gms.common.BIND_SHARED_PREFS pkg=com.google.android.gms }
08-01 21:11:56.633 17268 17268 D BoundBrokerSvc: onUnbind: Intent { act=com.google.android.gms.common.BIND_SHARED_PREFS pkg=com.google.android.gms }
08-01 21:11:56.635 29108 29108 D InsetsController: show(ime(), fromIme=true)
08-01 21:11:56.799  1553  1553 W TooltipLifecycleManager: TooltipLifecycleManager.dismissTooltips():159 Tooltip with id spell_check_add_to_dictionary not found in tooltipManager.
08-01 21:11:56.810   842   916 D EGL_emulation: app_time_stats: avg=166.50ms min=14.15ms max=1367.06ms count=12
08-01 21:11:56.840 29108 29108 I ImeTracker: com.example.android.testing.espresso.BasicSample:d7e41cec: onShown
08-01 21:11:56.856 29108 29108 W FrameTracker: Missed SF frame:PREDICTION_ERROR, 1869820, 0, CUJ=J<IME_INSETS_ANIMATION::0@0@com.example.android.testing.espresso.BasicSample>
08-01 21:11:56.859 29108 29108 D UiControllerImpl: Injecting string: "Group17"
08-01 21:11:56.911  1553  1553 I GoogleInputMethodService: GoogleInputMethodService.setKeyboardViewShown():3483 setKeyboardViewShown() : type = HEADER, shownType = SHOW_MANDATORY_WITH_ANIMATION
08-01 21:11:56.913  1553  1553 I GoogleInputMethodService: GoogleInputMethodService.setKeyboardViewShown():3530 setKeyboardViewShown() : shouldShow = true
08-01 21:11:56.961  1553  1553 I GoogleInputMethodService: GoogleInputMethodService.setKeyboardViewShown():3483 setKeyboardViewShown() : type = HEADER, shownType = SHOW_MANDATORY_WITH_ANIMATION
08-01 21:11:56.961  1553  1553 I GoogleInputMethodService: GoogleInputMethodService.setKeyboardViewShown():3530 setKeyboardViewShown() : shouldShow = true
08-01 21:11:56.981  1553  1553 I GoogleInputMethodService: GoogleInputMethodService.setKeyboardViewShown():3483 setKeyboardViewShown() : type = HEADER, shownType = SHOW_MANDATORY_WITH_ANIMATION
08-01 21:11:56.982  1553  1553 I GoogleInputMethodService: GoogleInputMethodService.setKeyboardViewShown():3530 setKeyboardViewShown() : shouldShow = true
08-01 21:11:57.000  1553  1950 I native  : I0000 00:00:1722561117.000842    1950 input-context-store.cc:255] Ignoring stale client request for FetchSuggestions
08-01 21:11:57.012  1553  1553 W InputContextProxyV4: InputContextProxyV4.applyClientDiffInternal():897 Ignore [FetchSuggestions] diff due to stale request: 1481<1483, inputStateId=1413, lastInputStateId=1413
08-01 21:11:57.012  1553  1553 I GoogleInputMethodService: GoogleInputMethodService.setKeyboardViewShown():3483 setKeyboardViewShown() : type = HEADER, shownType = SHOW_MANDATORY_WITH_ANIMATION
08-01 21:11:57.012  1553  1553 I GoogleInputMethodService: GoogleInputMethodService.setKeyboardViewShown():3530 setKeyboardViewShown() : shouldShow = true
08-01 21:11:57.029  1553  1553 I GoogleInputMethodService: GoogleInputMethodService.setKeyboardViewShown():3483 setKeyboardViewShown() : type = HEADER, shownType = SHOW_MANDATORY_WITH_ANIMATION
08-01 21:11:57.030  1553  1553 I GoogleInputMethodService: GoogleInputMethodService.setKeyboardViewShown():3530 setKeyboardViewShown() : shouldShow = true
08-01 21:11:57.032 29108 29108 I ViewInteraction: Performing 'close keyboard' action on view view.getId() is <2130903042/com.example.android.testing.espresso.BasicSample:id/editTextUserInput>
08-01 21:11:57.034 29108 29108 D IdlingRegistry: Registering idling resources: [androidx.test.espresso.action.CloseKeyboardAction$CloseKeyboardIdlingResult@fe3860a]
08-01 21:11:57.034 29108 29108 I ImeTracker: com.example.android.testing.espresso.BasicSample:ab273212: onRequestHide at ORIGIN_CLIENT_HIDE_SOFT_INPUT reason HIDE_SOFT_INPUT
08-01 21:11:57.036  1553  1553 I GoogleInputMethodService: GoogleInputMethodService.onFinishInputView():2241
08-01 21:11:57.036  1553  1553 W TooltipLifecycleManager: TooltipLifecycleManager.dismissTooltips():159 Tooltip with id spell_check_add_to_dictionary not found in tooltipManager.
08-01 21:11:57.037  1553  1553 I InputBundle: InputBundle.consumeEvent():923 Skip consuming an event as keyboard status is 0
08-01 21:11:57.040  1553  1553 I KeyboardWrapper: KeyboardWrapper.consumeEvent():275 Skip consuming an event as current keyboard is deactivated (state=0, keyboard existence=true)
08-01 21:11:57.041  1553  1553 I VoiceInputManagerWrapper: VoiceInputManagerWrapper.shutdown():77 shutdown()
08-01 21:11:57.041  1553  1553 I AndroidIME: AbstractIme.onDeactivate():207 LatinIme.onDeactivate()
08-01 21:11:57.049 29108 29108 W WindowOnBackDispatcher: sendCancelIfRunning: isInProgress=falsecallback=ImeCallback=ImeOnBackInvokedCallback@60349402 Callback=android.window.IOnBackInvokedCallback$Stub$Proxy@c3344f1
08-01 21:11:57.051  1553  4692 E native  : E0000 00:00:1722561117.051252    4692 keyboard.cc:27] Cannot create a keyboard with 0 valid keys
08-01 21:11:57.051  1553  1950 W Delight5Decoder: Delight5DecoderWrapper.shouldAbandonMessage():1983 Detected old [FetchSuggestions] request in background: 1487<1488
08-01 21:11:57.261 29108 29108 I ImeTracker: com.example.android.testing.espresso.BasicSample:962032f0: onRequestHide at ORIGIN_CLIENT_HIDE_SOFT_INPUT reason HIDE_SOFT_INPUT_BY_INSETS_API
08-01 21:11:57.262   519  1084 I ImeTracker: com.example.android.testing.espresso.BasicSample:962032f0: onCancelled at PHASE_SERVER_SHOULD_HIDE
08-01 21:11:57.262 29108 29108 I ImeTracker: com.example.android.testing.espresso.BasicSample:ab273212: onHidden
08-01 21:11:57.273 29108 29108 W FrameTracker: Missed SF frame:SURFACE_FLINGER_SCHEDULING, 1870202, 0, CUJ=J<IME_INSETS_ANIMATION::1@0@com.example.android.testing.espresso.BasicSample>
08-01 21:11:57.352 29108 29108 D IdlingRegistry: Unregistering idling resources: [androidx.test.espresso.action.CloseKeyboardAction$CloseKeyboardIdlingResult@fe3860a]
08-01 21:11:57.354 29108 29108 I ViewInteraction: Performing 'single click' action on view view.getId() is <2130903041/com.example.android.testing.espresso.BasicSample:id/changeTextBt>
08-01 21:11:57.360  1099  1099 D TaplEvents: TIS / TouchInteractionService.onInputEvent: MotionEvent { action=ACTION_DOWN, actionButton=0, id[0]=0, x[0]=539.5, y[0]=711.5, toolType[0]=TOOL_TYPE_UNKNOWN, buttonState=BUTTON_PRIMARY, classification=NONE, metaState=0, flags=0x0, edgeFlags=0x0, pointerCount=1, historySize=0, eventTime=36397254, downTime=36397254, deviceId=-1, source=0x1002, displayId=0, eventId=-586108078 }
08-01 21:11:57.378 29108 29132 D EGL_emulation: app_time_stats: avg=47.22ms min=10.20ms max=316.97ms count=24
08-01 21:11:57.398  1099  1099 D TaplEvents: TIS / TouchInteractionService.onInputEvent: MotionEvent { action=ACTION_UP, actionButton=0, id[0]=0, x[0]=539.5, y[0]=711.5, toolType[0]=TOOL_TYPE_UNKNOWN, buttonState=BUTTON_PRIMARY, classification=NONE, metaState=0, flags=0x0, edgeFlags=0x0, pointerCount=1, historySize=0, eventTime=36397294, downTime=36397254, deviceId=-1, source=0x1002, displayId=0, eventId=-273340528 }
08-01 21:11:57.400   356  8340 D audioserver: FGS Logger Transaction failed
08-01 21:11:57.400   356  8340 D audioserver: -129
08-01 21:11:57.637   356   459 D audioserver: FGS Logger Transaction failed
08-01 21:11:57.638   356   459 D audioserver: -129
08-01 21:11:57.645 29108 29108 I ViewInteraction: Checking 'MatchesViewAssertion{viewMatcher=an instance of android.widget.TextView and view.getText() with or without transformation to match: is "Group17"}' assertion on view view.getId() is <2130903044/com.example.android.testing.espresso.BasicSample:id/textToBeChanged>
08-01 21:11:57.647 29108 29108 I ViewInteraction: Performing 'replace text()' action on view view.getId() is <2130903042/com.example.android.testing.espresso.BasicSample:id/editTextUserInput>
08-01 21:11:57.661  1553  1553 I GoogleInputMethodService: GoogleInputMethodService.onStartInput():1877 onStartInput(EditorInfo{inputType=0x1(Normal) imeOptions=0x6 privateImeOptions=null actionName=DONE actionLabel=null actionId=0 initialSelStart=0 initialSelEnd=0 initialCapsMode=0x3000 hintText=non-empty label=null packageName=com.example.android.testing.espresso.BasicSample fieldId=2130903042 fieldName=null extras=null}, true)
08-01 21:11:57.661  1553  1553 I GoogleInputMethodService: GoogleInputMethodService.shouldHideHeaderOnInitialState():4008 ShouldHideHeaderOnInitialState = false
08-01 21:11:57.662  1553  1553 I GoogleInputMethodService: GoogleInputMethodService.updateDeviceLockedStatus():2087 repeatCheckTimes = 2, unlocked = true
08-01 21:11:57.662  1553  1553 W SessionManager: SessionManager.beginSession():53 Try to begin an already begun session [INPUT_SESSION], end it first
08-01 21:11:57.663 29108 29108 I ViewInteraction: Performing 'type text(Group17)' action on view view.getId() is <2130903042/com.example.android.testing.espresso.BasicSample:id/editTextUserInput>
08-01 21:11:57.666  1099  1099 D TaplEvents: TIS / TouchInteractionService.onInputEvent: MotionEvent { action=ACTION_DOWN, actionButton=0, id[0]=0, x[0]=539.5, y[0]=583.5, toolType[0]=TOOL_TYPE_UNKNOWN, buttonState=BUTTON_PRIMARY, classification=NONE, metaState=0, flags=0x0, edgeFlags=0x0, pointerCount=1, historySize=0, eventTime=36397563, downTime=36397563, deviceId=-1, source=0x1002, displayId=0, eventId=-541477097 }
08-01 21:11:57.710  1099  1099 D TaplEvents: TIS / TouchInteractionService.onInputEvent: MotionEvent { action=ACTION_UP, actionButton=0, id[0]=0, x[0]=539.5, y[0]=583.5, toolType[0]=TOOL_TYPE_UNKNOWN, buttonState=BUTTON_PRIMARY, classification=NONE, metaState=0, flags=0x0, edgeFlags=0x0, pointerCount=1, historySize=0, eventTime=36397607, downTime=36397563, deviceId=-1, source=0x1002, displayId=0, eventId=-661681913 }
08-01 21:11:57.712 29108 29108 I ImeTracker: com.example.android.testing.espresso.BasicSample:169c6fcc: onRequestShow at ORIGIN_CLIENT_SHOW_SOFT_INPUT reason SHOW_SOFT_INPUT
08-01 21:11:57.712 29108 29108 D InputMethodManager: showSoftInput() view=android.widget.EditText{94c52cd VFED..CL. .F.P.... 44,302-1036,426 #7f030002 app:id/editTextUserInput aid=1073741824} flags=0 reason=SHOW_SOFT_INPUT
08-01 21:11:57.714  1553  1553 I DeviceModeUtil: DeviceModeUtil.getDeviceMode():122 Get device mode phone by ui mode:1 and smallestScreenWidthDp:393
08-01 21:11:57.714  1553  1553 I GoogleInputMethodService: GoogleInputMethodService.onStartInputView():1995 onStartInputView(EditorInfo{inputType=0x1(Normal) imeOptions=0x6 privateImeOptions=null actionName=DONE actionLabel=null actionId=0 initialSelStart=0 initialSelEnd=0 initialCapsMode=0x3000 hintText=non-empty label=null packageName=com.example.android.testing.espresso.BasicSample fieldId=2130903042 fieldName=null extras=null}, false)
08-01 21:11:57.714  1553  1553 I GoogleInputMethodService: GoogleInputMethodService.updateDeviceLockedStatus():2087 repeatCheckTimes = 2, unlocked = true
08-01 21:11:57.715  1553  1553 W ModuleManager: ModuleManager.loadModule():450 Module erj is not available
08-01 21:11:57.715  1553  1815 I DeviceModeUtil: DeviceModeUtil.getDeviceMode():122 Get device mode phone by ui mode:1 and smallestScreenWidthDp:393
08-01 21:11:57.716  1553  1553 I KeyboardViewUtil: KeyboardViewUtil.getKeyboardHeightRatio():189 systemKeyboardHeightRatio:1.000000; userKeyboardHeightRatio:1.000000.
08-01 21:11:57.716  1553  1553 I AndroidIME: AbstractIme.onActivate():86 LatinIme.onActivate() : EditorInfo = inputType=0x1(Normal) imeOptions=0x6 privateImeOptions=null actionName=DONE actionLabel=null actionId=0 initialSelStart=0 initialSelEnd=0 initialCapsMode=0x3000 hintText=non-empty label=null packageName=com.example.android.testing.espresso.BasicSample fieldId=2130903042 fieldName=null extras=null, IncognitoMode = false, DeviceLocked = false
08-01 21:11:57.717  1553  1553 I Delight5Facilitator: Delight5Facilitator.initializeForIme():777 initializeForIme() : Locale = [en_US], layout = qwerty
08-01 21:11:57.717  1553  1553 I VoiceInputManagerWrapper: VoiceInputManagerWrapper.cancelShutdown():55 cancelShutdown()
08-01 21:11:57.718  1553  1553 I VoiceInputManagerWrapper: VoiceInputManagerWrapper.syncLanguagePacks():67 syncLanguagePacks()
08-01 21:11:57.718  1553  9821 I SpeechFactory: SpeechRecognitionFactory.maybeScheduleAutoPackDownloadForFallback():205 maybeScheduleAutoPackDownloadForFallback()
08-01 21:11:57.718  1553  1553 I LatinIme: LatinIme.updateEnableInlineSuggestionsOnDecoderSideFlags():1003 inline flag updated to:false
08-01 21:11:57.719  1553  1553 I KeyboardWrapper: KeyboardWrapper.consumeEvent():275 Skip consuming an event as current keyboard is deactivated (state=0, keyboard existence=true)
08-01 21:11:57.720  1553  1553 I KeyboardViewUtil: KeyboardViewUtil.calculateMaxKeyboardBodyHeight():40 leave 344 height for app when screen height:2088, header height:121 and isFullscreenMode:false, so the max keyboard body height is:1623
08-01 21:11:57.720  1553  1553 I DeviceModeUtil: DeviceModeUtil.getDeviceMode():122 Get device mode phone by ui mode:1 and smallestScreenWidthDp:393
08-01 21:11:57.721  1553  1553 I GoogleInputMethodService: GoogleInputMethodService.setKeyboardViewShown():3483 setKeyboardViewShown() : type = HEADER, shownType = SHOW_OPTIONAL
08-01 21:11:57.721  1553  1553 I GoogleInputMethodService: GoogleInputMethodService.setKeyboardViewShown():3530 setKeyboardViewShown() : shouldShow = true
08-01 21:11:57.721  1553  1553 I GoogleInputMethodService: GoogleInputMethodService.setKeyboardViewShown():3483 setKeyboardViewShown() : type = BODY, shownType = SHOW_MANDATORY
08-01 21:11:57.725  1553  1553 I GoogleInputMethodService: GoogleInputMethodService.setKeyboardViewShown():3530 setKeyboardViewShown() : shouldShow = true
08-01 21:11:57.726  1553  1553 I GoogleInputMethodService: GoogleInputMethodService.setKeyboardViewShown():3483 setKeyboardViewShown() : type = FLOATING_CANDIDATES, shownType = HIDE
08-01 21:11:57.726  1553  1553 I GoogleInputMethodService: GoogleInputMethodService.setKeyboardViewShown():3530 setKeyboardViewShown() : shouldShow = false
08-01 21:11:57.727  1553  1553 I KeyboardViewUtil: KeyboardViewUtil.calculateMaxKeyboardBodyHeight():40 leave 344 height for app when screen height:2088, header height:121 and isFullscreenMode:false, so the max keyboard body height is:1623
08-01 21:11:57.727  1553  1553 I DeviceModeUtil: DeviceModeUtil.getDeviceMode():122 Get device mode phone by ui mode:1 and smallestScreenWidthDp:393
